---
source: crates/seele-composer/src/execute.rs
expression: results
input_file: crates/seele-composer/src/tests/submission_needs_2.yaml
---
[
  Config(
    action: "seele/noop@1",
    test: 1,
  ),
  Config(
    action: "seele/noop@1",
    test: 2,
  ),
  Config(
    action: "seele/noop@1",
    test: 3,
  ),
  Config(
    action: "seele/noop@1",
    test: 4,
  ),
  Config(
    action: "seele/noop@1",
    test: 5,
  ),
]
