---
source: crates/seele-composer/src/resolve.rs
expression: submission
input_file: crates/seele-composer/src/tests/submission_nested_sequence_3.yaml
---
Submission(
  id: "nested_sequence_3",
  root_directory: "test",
  config: SubmissionConfig(
    id: "nested_sequence_3",
    steps: {
      "one": {
        "status": "PENDING",
        "embeds": {},
      },
      "two": {
        "status": "PENDING",
        "embeds": {},
        "steps": {
          "two-one": {
            "status": "PENDING",
            "embeds": {},
          },
          "two-two": {
            "status": "PENDING",
            "embeds": {},
          },
        },
      },
      "three": {
        "status": "PENDING",
        "embeds": {},
      },
      "four": {
        "status": "PENDING",
        "embeds": {},
        "steps": {
          "four-one": {
            "status": "PENDING",
            "embeds": {},
            "steps": {
              "four-one-one": {
                "status": "PENDING",
                "embeds": {},
                "steps": {
                  "four-one-one-one": {
                    "status": "PENDING",
                    "embeds": {},
                    "steps": {
                      "four-one-one-one-one": {
                        "status": "PENDING",
                        "embeds": {},
                        "steps": {
                          "four-one-one-one-one-one": {
                            "status": "PENDING",
                            "embeds": {},
                          },
                        },
                      },
                    },
                  },
                },
              },
            },
          },
          "four-two": {
            "status": "PENDING",
            "embeds": {},
            "parallel": [
              {
                "status": "PENDING",
                "embeds": {},
              },
              {
                "status": "PENDING",
                "embeds": {},
                "parallel": [
                  {
                    "status": "PENDING",
                    "embeds": {},
                    "parallel": [
                      {
                        "status": "PENDING",
                        "embeds": {},
                        "parallel": [
                          {
                            "status": "PENDING",
                            "embeds": {},
                            "parallel": [
                              {
                                "status": "PENDING",
                                "embeds": {},
                              },
                            ],
                          },
                        ],
                      },
                    ],
                  },
                ],
              },
              {
                "status": "PENDING",
                "embeds": {},
              },
            ],
          },
          "four-three": {
            "status": "PENDING",
            "embeds": {},
            "steps": {
              "four-three-one": {
                "status": "PENDING",
                "embeds": {},
              },
            },
          },
        },
      },
    },
  ),
  root_node: RootTaskNode(
    tasks: [
      TaskNode(
        name: ".one",
        children: [
          TaskNode(
            name: ".two",
            children: [
              TaskNode(
                name: ".three",
                children: [
                  TaskNode(
                    name: ".four",
                    children: [],
                    ext: [
                      TaskNode(
                        name: ".four.four-one",
                        children: [
                          TaskNode(
                            name: ".four.four-two",
                            children: [
                              TaskNode(
                                name: ".four.four-three",
                                children: [],
                                ext: [
                                  TaskNode(
                                    name: ".four.four-three.four-three-one",
                                    children: [],
                                    ext: Config(
                                      action: "seele/noop@1",
                                      test: 431,
                                    ),
                                  ),
                                ],
                              ),
                            ],
                            ext: [
                              TaskNode(
                                name: ".four.four-two.0",
                                children: [],
                                ext: Config(
                                  action: "seele/noop@1",
                                  test: 421,
                                ),
                              ),
                              TaskNode(
                                name: ".four.four-two.1",
                                children: [],
                                ext: [
                                  TaskNode(
                                    name: ".four.four-two.1.0",
                                    children: [],
                                    ext: [
                                      TaskNode(
                                        name: ".four.four-two.1.0.0",
                                        children: [],
                                        ext: [
                                          TaskNode(
                                            name: ".four.four-two.1.0.0.0",
                                            children: [],
                                            ext: [
                                              TaskNode(
                                                name: ".four.four-two.1.0.0.0.0",
                                                children: [],
                                                ext: Config(
                                                  action: "seele/noop@1",
                                                  test: 422,
                                                ),
                                              ),
                                            ],
                                          ),
                                        ],
                                      ),
                                    ],
                                  ),
                                ],
                              ),
                              TaskNode(
                                name: ".four.four-two.2",
                                children: [],
                                ext: Config(
                                  action: "seele/noop@1",
                                  test: 423,
                                ),
                              ),
                            ],
                          ),
                        ],
                        ext: [
                          TaskNode(
                            name: ".four.four-one.four-one-one",
                            children: [],
                            ext: [
                              TaskNode(
                                name: ".four.four-one.four-one-one.four-one-one-one",
                                children: [],
                                ext: [
                                  TaskNode(
                                    name: ".four.four-one.four-one-one.four-one-one-one.four-one-one-one-one",
                                    children: [],
                                    ext: [
                                      TaskNode(
                                        name: ".four.four-one.four-one-one.four-one-one-one.four-one-one-one-one.four-one-one-one-one-one",
                                        children: [],
                                        ext: Config(
                                          action: "seele/noop@1",
                                          test: 4111111,
                                        ),
                                      ),
                                    ],
                                  ),
                                ],
                              ),
                            ],
                          ),
                        ],
                      ),
                    ],
                  ),
                ],
                ext: Config(
                  action: "seele/noop@1",
                  test: 3,
                ),
              ),
            ],
            ext: [
              TaskNode(
                name: ".two.two-one",
                children: [
                  TaskNode(
                    name: ".two.two-two",
                    children: [],
                    ext: Config(
                      action: "seele/noop@1",
                      test: 22,
                    ),
                  ),
                ],
                ext: Config(
                  action: "seele/noop@1",
                  test: 21,
                ),
              ),
            ],
          ),
        ],
        ext: Config(
          action: "seele/noop@1",
          test: 1,
        ),
      ),
    ],
  ),
)
