---
source: src/composer/execute.rs
expression: results
input_file: src/composer/stubs/submission_nested_sequence_1.yaml
---
[
  ActionNoopConfig(
    action: "seele/noop@1",
    test: 1,
  ),
  ActionNoopConfig(
    action: "seele/noop@1",
    test: 21,
  ),
  ActionNoopConfig(
    action: "seele/noop@1",
    test: 22,
  ),
  ActionNoopConfig(
    action: "seele/noop@1",
    test: 3,
  ),
]
