---
source: src/composer/execute.rs
expression: results
input_file: src/composer/tests/submission_needs.yaml
---
[
  Config(
    action: "seele/noop@1",
    test: 1,
  ),
  Config(
    action: "seele/noop@1",
    test: 2,
  ),
  Config(
    action: "seele/noop@1",
    test: 3,
  ),
]
