---
source: src/composer/resolve.rs
expression: submission
input_file: src/composer/tests/submission_needs.yaml
---
Submission(
  id: "needs",
  root_directory: "test",
  config: SubmissionConfig(
    id: "needs",
    tracing_attribute: None,
    steps: {
      "one": {
        "tags": None,
        "status": "PENDING",
      },
      "two": {
        "tags": None,
        "status": "PENDING",
      },
      "three": {
        "tags": None,
        "status": "PENDING",
      },
    },
  ),
  root_node: RootTaskNode(
    tasks: [
      TaskNode(
        name: ".one",
        children: [
          TaskNode(
            name: ".two",
            children: [],
            ext: Config(
              action: "seele/noop@1",
              test: 2,
            ),
          ),
          TaskNode(
            name: ".three",
            children: [],
            ext: Config(
              action: "seele/noop@1",
              test: 3,
            ),
          ),
        ],
        ext: Config(
          action: "seele/noop@1",
          test: 1,
        ),
      ),
    ],
  ),
)
